// Jest Snapshot v1, https://goo.gl/fbAQLP

exports[`Tools Page matches snapshot 1`] = `
<div>
  <div
    class="flex flex-col min-h-screen"
  >
    <section
      class="py-20 px-4 sm:px-6 lg:px-8 relative"
    >
      <div
        class="max-w-7xl mx-auto"
      >
        <div
          class="mb-12 text-center lg:text-left"
        >
          <h1
            class="text-4xl md:text-6xl font-bold text-[var(--theme-main)] mb-6 font-[family-name:var(--font-heading)]"
          >
            Our 
            <span
              class="text-[var(--color-primary)]"
            >
              Tools
            </span>
          </h1>
          <p
            class="text-xl text-[var(--theme-muted)] max-w-2xl"
          >
            A curated collection of digital manipulatives and teaching aids designed for modern education.
          </p>
        </div>
        <div
          class="mt-16"
          id="mathematics"
        >
          <h2
            class="text-2xl font-bold text-[var(--theme-main)] mb-8 font-[family-name:var(--font-heading)]"
          >
            Mathematics
          </h2>
          <div
            class="grid grid-cols-1 md:grid-cols-2 lg:grid-cols-3 gap-8"
          >
            <a
              class="group relative block w-full h-full"
              href="/mathematics/algebra-tiles"
            >
              <div
                class="relative h-full rounded-xl border border-[var(--theme-border)] bg-[var(--theme-card)] shadow-sm hover:shadow-md transition-shadow p-6 flex flex-col justify-between"
              >
                <div
                  class="relative z-10"
                >
                  <div
                    class="mb-4 inline-flex items-center justify-center rounded-lg bg-[var(--theme-page)] p-3 border border-[var(--theme-border)]"
                  >
                    <svg
                      aria-hidden="true"
                      class="lucide lucide-grid2x2 lucide-grid-2x2 w-8 h-8 text-blue-500"
                      fill="none"
                      height="24"
                      stroke="currentColor"
                      stroke-linecap="round"
                      stroke-linejoin="round"
                      stroke-width="2"
                      viewBox="0 0 24 24"
                      width="24"
                      xmlns="http://www.w3.org/2000/svg"
                    >
                      <path
                        d="M12 3v18"
                      />
                      <path
                        d="M3 12h18"
                      />
                      <rect
                        height="18"
                        rx="2"
                        width="18"
                        x="3"
                        y="3"
                      />
                    </svg>
                  </div>
                  <h3
                    class="mb-2 text-xl font-bold tracking-tight text-[var(--theme-main)] group-hover:text-[var(--color-primary)] transition-colors font-[family-name:var(--font-heading)]"
                  >
                    Algebra Tiles
                  </h3>
                  <p
                    class="text-[var(--theme-muted)] leading-relaxed"
                  >
                    Visualize algebraic concepts including expressions, equations, and factorisation with virtual algebraic tiles.
                  </p>
                </div>
                <div
                  class="relative z-10 mt-6 flex items-center font-medium text-[var(--color-primary)] group-hover:translate-x-1 transition-transform"
                >
                  Open
                  <svg
                    aria-hidden="true"
                    class="lucide lucide-arrow-right ml-2 w-4 h-4"
                    fill="none"
                    height="24"
                    stroke="currentColor"
                    stroke-linecap="round"
                    stroke-linejoin="round"
                    stroke-width="2"
                    viewBox="0 0 24 24"
                    width="24"
                    xmlns="http://www.w3.org/2000/svg"
                  >
                    <path
                      d="M5 12h14"
                    />
                    <path
                      d="m12 5 7 7-7 7"
                    />
                  </svg>
                </div>
              </div>
            </a>
            <a
              class="group relative block w-full h-full"
              href="/mathematics/double-sided-counters"
            >
              <div
                class="relative h-full rounded-xl border border-[var(--theme-border)] bg-[var(--theme-card)] shadow-sm hover:shadow-md transition-shadow p-6 flex flex-col justify-between"
              >
                <div
                  class="relative z-10"
                >
                  <div
                    class="mb-4 inline-flex items-center justify-center rounded-lg bg-[var(--theme-page)] p-3 border border-[var(--theme-border)]"
                  >
                    <svg
                      aria-hidden="true"
                      class="lucide lucide-calculator w-8 h-8 text-purple-500"
                      fill="none"
                      height="24"
                      stroke="currentColor"
                      stroke-linecap="round"
                      stroke-linejoin="round"
                      stroke-width="2"
                      viewBox="0 0 24 24"
                      width="24"
                      xmlns="http://www.w3.org/2000/svg"
                    >
                      <rect
                        height="20"
                        rx="2"
                        width="16"
                        x="4"
                        y="2"
                      />
                      <line
                        x1="8"
                        x2="16"
                        y1="6"
                        y2="6"
                      />
                      <line
                        x1="16"
                        x2="16"
                        y1="14"
                        y2="18"
                      />
                      <path
                        d="M16 10h.01"
                      />
                      <path
                        d="M12 10h.01"
                      />
                      <path
                        d="M8 10h.01"
                      />
                      <path
                        d="M12 14h.01"
                      />
                      <path
                        d="M8 14h.01"
                      />
                      <path
                        d="M12 18h.01"
                      />
                      <path
                        d="M8 18h.01"
                      />
                    </svg>
                  </div>
                  <h3
                    class="mb-2 text-xl font-bold tracking-tight text-[var(--theme-main)] group-hover:text-[var(--color-primary)] transition-colors font-[family-name:var(--font-heading)]"
                  >
                    Double Sided Counters
                  </h3>
                  <p
                    class="text-[var(--theme-muted)] leading-relaxed"
                  >
                    Explore integer and algebraic operations on directed number with interactive two-coloured counters.
                  </p>
                </div>
                <div
                  class="relative z-10 mt-6 flex items-center font-medium text-[var(--color-primary)] group-hover:translate-x-1 transition-transform"
                >
                  Open
                  <svg
                    aria-hidden="true"
                    class="lucide lucide-arrow-right ml-2 w-4 h-4"
                    fill="none"
                    height="24"
                    stroke="currentColor"
                    stroke-linecap="round"
                    stroke-linejoin="round"
                    stroke-width="2"
                    viewBox="0 0 24 24"
                    width="24"
                    xmlns="http://www.w3.org/2000/svg"
                  >
                    <path
                      d="M5 12h14"
                    />
                    <path
                      d="m12 5 7 7-7 7"
                    />
                  </svg>
                </div>
              </div>
            </a>
            <a
              class="group relative block w-full h-full"
              href="/mathematics/bar-model"
            >
              <div
                class="relative h-full rounded-xl border border-[var(--theme-border)] bg-[var(--theme-card)] shadow-sm hover:shadow-md transition-shadow p-6 flex flex-col justify-between"
              >
                <div
                  class="relative z-10"
                >
                  <div
                    class="mb-4 inline-flex items-center justify-center rounded-lg bg-[var(--theme-page)] p-3 border border-[var(--theme-border)]"
                  >
                    <svg
                      aria-hidden="true"
                      class="lucide lucide-grid2x2 lucide-grid-2x2 w-8 h-8 text-amber-500"
                      fill="none"
                      height="24"
                      stroke="currentColor"
                      stroke-linecap="round"
                      stroke-linejoin="round"
                      stroke-width="2"
                      viewBox="0 0 24 24"
                      width="24"
                      xmlns="http://www.w3.org/2000/svg"
                    >
                      <path
                        d="M12 3v18"
                      />
                      <path
                        d="M3 12h18"
                      />
                      <rect
                        height="18"
                        rx="2"
                        width="18"
                        x="3"
                        y="3"
                      />
                    </svg>
                  </div>
                  <h3
                    class="mb-2 text-xl font-bold tracking-tight text-[var(--theme-main)] group-hover:text-[var(--color-primary)] transition-colors font-[family-name:var(--font-heading)]"
                  >
                    Bar Model
                  </h3>
                  <p
                    class="text-[var(--theme-muted)] leading-relaxed"
                  >
                    Create and manipulate bar models to visualize mathematical relationships, with support for splitting into halves and thirds.
                  </p>
                </div>
                <div
                  class="relative z-10 mt-6 flex items-center font-medium text-[var(--color-primary)] group-hover:translate-x-1 transition-transform"
                >
                  Open
                  <svg
                    aria-hidden="true"
                    class="lucide lucide-arrow-right ml-2 w-4 h-4"
                    fill="none"
                    height="24"
                    stroke="currentColor"
                    stroke-linecap="round"
                    stroke-linejoin="round"
                    stroke-width="2"
                    viewBox="0 0 24 24"
                    width="24"
                    xmlns="http://www.w3.org/2000/svg"
                  >
                    <path
                      d="M5 12h14"
                    />
                    <path
                      d="m12 5 7 7-7 7"
                    />
                  </svg>
                </div>
              </div>
            </a>
            <a
              class="group relative block w-full h-full"
              href="/mathematics/linear-equations"
            >
              <div
                class="relative h-full rounded-xl border border-[var(--theme-border)] bg-[var(--theme-card)] shadow-sm hover:shadow-md transition-shadow p-6 flex flex-col justify-between"
              >
                <div
                  class="relative z-10"
                >
                  <div
                    class="mb-4 inline-flex items-center justify-center rounded-lg bg-[var(--theme-page)] p-3 border border-[var(--theme-border)]"
                  >
                    <svg
                      aria-hidden="true"
                      class="lucide lucide-calculator w-8 h-8 text-indigo-500"
                      fill="none"
                      height="24"
                      stroke="currentColor"
                      stroke-linecap="round"
                      stroke-linejoin="round"
                      stroke-width="2"
                      viewBox="0 0 24 24"
                      width="24"
                      xmlns="http://www.w3.org/2000/svg"
                    >
                      <rect
                        height="20"
                        rx="2"
                        width="16"
                        x="4"
                        y="2"
                      />
                      <line
                        x1="8"
                        x2="16"
                        y1="6"
                        y2="6"
                      />
                      <line
                        x1="16"
                        x2="16"
                        y1="14"
                        y2="18"
                      />
                      <path
                        d="M16 10h.01"
                      />
                      <path
                        d="M12 10h.01"
                      />
                      <path
                        d="M8 10h.01"
                      />
                      <path
                        d="M12 14h.01"
                      />
                      <path
                        d="M8 14h.01"
                      />
                      <path
                        d="M12 18h.01"
                      />
                      <path
                        d="M8 18h.01"
                      />
                    </svg>
                  </div>
                  <h3
                    class="mb-2 text-xl font-bold tracking-tight text-[var(--theme-main)] group-hover:text-[var(--color-primary)] transition-colors font-[family-name:var(--font-heading)]"
                  >
                    Linear Equations
                  </h3>
                  <p
                    class="text-[var(--theme-muted)] leading-relaxed"
                  >
                    Explore y = mx + c by adjusting gradient and y-intercept. Visualize slope triangles, intercepts, and equation labels.
                  </p>
                </div>
                <div
                  class="relative z-10 mt-6 flex items-center font-medium text-[var(--color-primary)] group-hover:translate-x-1 transition-transform"
                >
                  Open
                  <svg
                    aria-hidden="true"
                    class="lucide lucide-arrow-right ml-2 w-4 h-4"
                    fill="none"
                    height="24"
                    stroke="currentColor"
                    stroke-linecap="round"
                    stroke-linejoin="round"
                    stroke-width="2"
                    viewBox="0 0 24 24"
                    width="24"
                    xmlns="http://www.w3.org/2000/svg"
                  >
                    <path
                      d="M5 12h14"
                    />
                    <path
                      d="m12 5 7 7-7 7"
                    />
                  </svg>
                </div>
              </div>
            </a>
            <a
              class="group relative block w-full h-full"
              href="/mathematics/percentage-grid"
            >
              <div
                class="relative h-full rounded-xl border border-[var(--theme-border)] bg-[var(--theme-card)] shadow-sm hover:shadow-md transition-shadow p-6 flex flex-col justify-between"
              >
                <div
                  class="relative z-10"
                >
                  <div
                    class="mb-4 inline-flex items-center justify-center rounded-lg bg-[var(--theme-page)] p-3 border border-[var(--theme-border)]"
                  >
                    <svg
                      aria-hidden="true"
                      class="lucide lucide-percent w-8 h-8 text-blue-500"
                      fill="none"
                      height="24"
                      stroke="currentColor"
                      stroke-linecap="round"
                      stroke-linejoin="round"
                      stroke-width="2"
                      viewBox="0 0 24 24"
                      width="24"
                      xmlns="http://www.w3.org/2000/svg"
                    >
                      <line
                        x1="19"
                        x2="5"
                        y1="5"
                        y2="19"
                      />
                      <circle
                        cx="6.5"
                        cy="6.5"
                        r="2.5"
                      />
                      <circle
                        cx="17.5"
                        cy="17.5"
                        r="2.5"
                      />
                    </svg>
                  </div>
                  <h3
                    class="mb-2 text-xl font-bold tracking-tight text-[var(--theme-main)] group-hover:text-[var(--color-primary)] transition-colors font-[family-name:var(--font-heading)]"
                  >
                    Percentage Grid
                  </h3>
                  <p
                    class="text-[var(--theme-muted)] leading-relaxed"
                  >
                    Paint a 10×10 grid to explore percentages and quickly fill 10%, 25%, or 50%.
                  </p>
                </div>
                <div
                  class="relative z-10 mt-6 flex items-center font-medium text-[var(--color-primary)] group-hover:translate-x-1 transition-transform"
                >
                  Open
                  <svg
                    aria-hidden="true"
                    class="lucide lucide-arrow-right ml-2 w-4 h-4"
                    fill="none"
                    height="24"
                    stroke="currentColor"
                    stroke-linecap="round"
                    stroke-linejoin="round"
                    stroke-width="2"
                    viewBox="0 0 24 24"
                    width="24"
                    xmlns="http://www.w3.org/2000/svg"
                  >
                    <path
                      d="M5 12h14"
                    />
                    <path
                      d="m12 5 7 7-7 7"
                    />
                  </svg>
                </div>
              </div>
            </a>
            <a
              class="group relative block w-full h-full"
              href="/mathematics/sequences"
            >
              <div
                class="relative h-full rounded-xl border border-[var(--theme-border)] bg-[var(--theme-card)] shadow-sm hover:shadow-md transition-shadow p-6 flex flex-col justify-between"
              >
                <div
                  class="relative z-10"
                >
                  <div
                    class="mb-4 inline-flex items-center justify-center rounded-lg bg-[var(--theme-page)] p-3 border border-[var(--theme-border)]"
                  >
                    <svg
                      aria-hidden="true"
                      class="lucide lucide-hash w-8 h-8 text-indigo-500"
                      fill="none"
                      height="24"
                      stroke="currentColor"
                      stroke-linecap="round"
                      stroke-linejoin="round"
                      stroke-width="2"
                      viewBox="0 0 24 24"
                      width="24"
                      xmlns="http://www.w3.org/2000/svg"
                    >
                      <line
                        x1="4"
                        x2="20"
                        y1="9"
                        y2="9"
                      />
                      <line
                        x1="4"
                        x2="20"
                        y1="15"
                        y2="15"
                      />
                      <line
                        x1="10"
                        x2="8"
                        y1="3"
                        y2="21"
                      />
                      <line
                        x1="16"
                        x2="14"
                        y1="3"
                        y2="21"
                      />
                    </svg>
                  </div>
                  <h3
                    class="mb-2 text-xl font-bold tracking-tight text-[var(--theme-main)] group-hover:text-[var(--color-primary)] transition-colors font-[family-name:var(--font-heading)]"
                  >
                    Sequences
                  </h3>
                  <p
                    class="text-[var(--theme-muted)] leading-relaxed"
                  >
                    Explore arithmetic, geometric, and quadratic sequences. Reveal terms one by one and find the nth term rule.
                  </p>
                </div>
                <div
                  class="relative z-10 mt-6 flex items-center font-medium text-[var(--color-primary)] group-hover:translate-x-1 transition-transform"
                >
                  Open
                  <svg
                    aria-hidden="true"
                    class="lucide lucide-arrow-right ml-2 w-4 h-4"
                    fill="none"
                    height="24"
                    stroke="currentColor"
                    stroke-linecap="round"
                    stroke-linejoin="round"
                    stroke-width="2"
                    viewBox="0 0 24 24"
                    width="24"
                    xmlns="http://www.w3.org/2000/svg"
                  >
                    <path
                      d="M5 12h14"
                    />
                    <path
                      d="m12 5 7 7-7 7"
                    />
                  </svg>
                </div>
              </div>
            </a>
            <a
              class="group relative block w-full h-full"
              href="/mathematics/fraction-wall"
            >
              <div
                class="relative h-full rounded-xl border border-[var(--theme-border)] bg-[var(--theme-card)] shadow-sm hover:shadow-md transition-shadow p-6 flex flex-col justify-between"
              >
                <div
                  class="relative z-10"
                >
                  <div
                    class="mb-4 inline-flex items-center justify-center rounded-lg bg-[var(--theme-page)] p-3 border border-[var(--theme-border)]"
                  >
                    <svg
                      aria-hidden="true"
                      class="lucide lucide-rows2 lucide-rows-2 w-8 h-8 text-rose-500"
                      fill="none"
                      height="24"
                      stroke="currentColor"
                      stroke-linecap="round"
                      stroke-linejoin="round"
                      stroke-width="2"
                      viewBox="0 0 24 24"
                      width="24"
                      xmlns="http://www.w3.org/2000/svg"
                    >
                      <rect
                        height="18"
                        rx="2"
                        width="18"
                        x="3"
                        y="3"
                      />
                      <path
                        d="M3 12h18"
                      />
                    </svg>
                  </div>
                  <h3
                    class="mb-2 text-xl font-bold tracking-tight text-[var(--theme-main)] group-hover:text-[var(--color-primary)] transition-colors font-[family-name:var(--font-heading)]"
                  >
                    Fraction Wall
                  </h3>
                  <p
                    class="text-[var(--theme-muted)] leading-relaxed"
                  >
                    Visualise unit fractions and equivalence. Shade segments, toggle labels, and use vertical guides to find equal fractions.
                  </p>
                </div>
                <div
                  class="relative z-10 mt-6 flex items-center font-medium text-[var(--color-primary)] group-hover:translate-x-1 transition-transform"
                >
                  Open
                  <svg
                    aria-hidden="true"
                    class="lucide lucide-arrow-right ml-2 w-4 h-4"
                    fill="none"
                    height="24"
                    stroke="currentColor"
                    stroke-linecap="round"
                    stroke-linejoin="round"
                    stroke-width="2"
                    viewBox="0 0 24 24"
                    width="24"
                    xmlns="http://www.w3.org/2000/svg"
                  >
                    <path
                      d="M5 12h14"
                    />
                    <path
                      d="m12 5 7 7-7 7"
                    />
                  </svg>
                </div>
              </div>
            </a>
          </div>
        </div>
        <div
          class="mt-16"
          id="computing"
        >
          <h2
            class="text-2xl font-bold text-[var(--theme-main)] mb-8 font-[family-name:var(--font-heading)]"
          >
            Computing
          </h2>
          <div
            class="grid grid-cols-1 md:grid-cols-2 lg:grid-cols-3 gap-8"
          >
            <a
              class="group relative block w-full h-full"
              href="/computing/circuit-designer"
            >
              <div
                class="relative h-full rounded-xl border border-[var(--theme-border)] bg-[var(--theme-card)] shadow-sm hover:shadow-md transition-shadow p-6 flex flex-col justify-between"
              >
                <div
                  class="relative z-10"
                >
                  <div
                    class="mb-4 inline-flex items-center justify-center rounded-lg bg-[var(--theme-page)] p-3 border border-[var(--theme-border)]"
                  >
                    <svg
                      aria-hidden="true"
                      class="lucide lucide-cpu w-8 h-8 text-emerald-500"
                      fill="none"
                      height="24"
                      stroke="currentColor"
                      stroke-linecap="round"
                      stroke-linejoin="round"
                      stroke-width="2"
                      viewBox="0 0 24 24"
                      width="24"
                      xmlns="http://www.w3.org/2000/svg"
                    >
                      <path
                        d="M12 20v2"
                      />
                      <path
                        d="M12 2v2"
                      />
                      <path
                        d="M17 20v2"
                      />
                      <path
                        d="M17 2v2"
                      />
                      <path
                        d="M2 12h2"
                      />
                      <path
                        d="M2 17h2"
                      />
                      <path
                        d="M2 7h2"
                      />
                      <path
                        d="M20 12h2"
                      />
                      <path
                        d="M20 17h2"
                      />
                      <path
                        d="M20 7h2"
                      />
                      <path
                        d="M7 20v2"
                      />
                      <path
                        d="M7 2v2"
                      />
                      <rect
                        height="16"
                        rx="2"
                        width="16"
                        x="4"
                        y="4"
                      />
                      <rect
                        height="8"
                        rx="1"
                        width="8"
                        x="8"
                        y="8"
                      />
                    </svg>
                  </div>
                  <h3
                    class="mb-2 text-xl font-bold tracking-tight text-[var(--theme-main)] group-hover:text-[var(--color-primary)] transition-colors font-[family-name:var(--font-heading)]"
                  >
                    Circuit Designer
                  </h3>
                  <p
                    class="text-[var(--theme-muted)] leading-relaxed"
                  >
                    Build and simulate logic circuits with AND, OR, NOT, and XOR gates. Generate truth tables to verify circuit behaviour.
                  </p>
                </div>
                <div
                  class="relative z-10 mt-6 flex items-center font-medium text-[var(--color-primary)] group-hover:translate-x-1 transition-transform"
                >
                  Open
                  <svg
                    aria-hidden="true"
                    class="lucide lucide-arrow-right ml-2 w-4 h-4"
                    fill="none"
                    height="24"
                    stroke="currentColor"
                    stroke-linecap="round"
                    stroke-linejoin="round"
                    stroke-width="2"
                    viewBox="0 0 24 24"
                    width="24"
                    xmlns="http://www.w3.org/2000/svg"
                  >
                    <path
                      d="M5 12h14"
                    />
                    <path
                      d="m12 5 7 7-7 7"
                    />
                  </svg>
                </div>
              </div>
            </a>
          </div>
        </div>
      </div>
    </section>
  </div>
</div>
`;
