// Jest Snapshot v1, https://goo.gl/fbAQLP

exports[`Home Page matches snapshot 1`] = `
<div>
  <div
    class="flex flex-col min-h-screen"
  >
    <section
      class="relative px-4 sm:px-6 lg:px-8 pt-24 pb-12 md:pt-32 md:pb-20 overflow-hidden"
    >
      <div
        class="max-w-7xl mx-auto"
      >
        <div
          class="flex flex-col lg:flex-row gap-12 lg:gap-20 items-center"
        >
          <div
            class="flex-1 text-center lg:text-left"
          >
            <h1
              class="text-4xl md:text-6xl lg:text-7xl font-bold tracking-tight text-[var(--theme-main)] mb-6"
            >
              Interactive mathematics in 
              <br />
              the classroom
            </h1>
            <p
              class="text-sm md:text-base font-medium text-[var(--color-primary)] mb-6"
            >
              Built by a mathematics teacher, here in the UK • Free • No accounts needed
            </p>
            <p
              class="text-lg md:text-xl text-[var(--theme-muted)] max-w-2xl mx-auto lg:mx-0 leading-relaxed mb-8"
            >
              Free, no login tools designed for your classroom. Visualise algebraic concepts, number, circuits and statistics to deepen understanding and aid exposition.
            </p>
            <div
              class="flex flex-wrap items-center justify-center lg:justify-start gap-4"
            >
              <a
                class="inline-flex items-center justify-center px-6 py-3 text-base font-medium text-white rounded-lg bg-[var(--color-primary)] hover:opacity-90 shadow-sm transition-all duration-200"
                href="/tools"
              >
                Explore Tools
              </a>
              <a
                class="inline-flex items-center justify-center px-6 py-3 text-base font-medium rounded-lg text-[var(--theme-main)] bg-[var(--theme-card)] border border-[var(--theme-border)] hover:bg-[var(--theme-border)] transition-colors"
                href="/about"
              >
                Learn More
              </a>
            </div>
          </div>
          <div
            class="flex-1 w-full max-w-[600px] lg:max-w-full relative"
          >
            <div
              class="relative rounded-xl border border-[var(--theme-border)] bg-[var(--theme-card)] shadow-md overflow-hidden"
            >
              <div
                class="h-[400px] flex items-center justify-center relative"
              >
                <div
                  class="relative w-full h-full flex items-center justify-center opacity-80"
                >
                  <img
                    alt="Mathematical Tools Illustration"
                    class="object-cover dark:hidden"
                    src="/assets/tools.svg"
                  />
                  <img
                    alt="Mathematical Tools Illustration"
                    class="object-cover hidden dark:block"
                    src="/assets/tools-dark.svg"
                  />
                </div>
              </div>
            </div>
          </div>
        </div>
      </div>
    </section>
  </div>
</div>
`;
