// Jest Snapshot v1, https://goo.gl/fbAQLP

exports[`Tools Page matches snapshot 1`] = `
<div>
  <div
    class="flex flex-col min-h-screen"
  >
    <div
      class="fixed inset-0 z-[-1] overflow-hidden pointer-events-none"
    >
      <div
        class="absolute top-[-10%] left-[-10%] w-[50%] h-[50%] rounded-full bg-blue-600/10 blur-[120px]"
      />
      <div
        class="absolute bottom-[-10%] right-[-10%] w-[50%] h-[50%] rounded-full bg-purple-600/10 blur-[120px]"
      />
    </div>
    <section
      class="py-20 px-4 sm:px-6 lg:px-8 relative"
    >
      <div
        class="max-w-7xl mx-auto"
      >
        <div
          class="mb-12 text-center lg:text-left"
        >
          <h1
            class="text-4xl md:text-6xl font-bold text-[var(--theme-main)] mb-6"
          >
            Our 
            <span
              class="text-transparent bg-clip-text bg-gradient-to-r from-blue-400 to-purple-600"
            >
              Tools
            </span>
          </h1>
          <p
            class="text-xl text-[var(--theme-muted)] max-w-2xl"
          >
            A curated collection of digital manipulatives and teaching aids designed for modern mathematics education.
          </p>
        </div>
        <div
          class="mt-16"
          id="manipulatives"
        >
          <h2
            class="text-2xl font-bold text-[var(--theme-main)] mb-8"
          >
            Manipulatives
          </h2>
          <div
            class="grid grid-cols-1 md:grid-cols-2 lg:grid-cols-3 gap-8"
          >
            <a
              class="group relative block w-full h-full"
              href="/manipulatives/algebra-tiles"
            >
              <div
                class="relative h-full rounded-[2rem] bg-gradient-to-br from-blue-500 to-cyan-500 p-[1px] shadow-lg transition-transform duration-300 hover:scale-[1.02] hover:shadow-xl"
              >
                <div
                  class="relative h-full rounded-[calc(2rem-1px)] bg-[var(--theme-card)] p-8 flex flex-col justify-between overflow-hidden"
                >
                  <div
                    class="absolute -right-20 -top-20 h-[300px] w-[300px] rounded-full bg-gradient-to-br from-blue-500 to-cyan-500 opacity-10 blur-[60px] group-hover:opacity-20 transition-opacity duration-500"
                  />
                  <div
                    class="relative z-10"
                  >
                    <div
                      class="mb-4 inline-flex items-center justify-center rounded-xl bg-[var(--theme-page)] p-3 shadow-sm border border-[var(--theme-border)]"
                    >
                      <svg
                        aria-hidden="true"
                        class="lucide lucide-grid2x2 lucide-grid-2x2 w-8 h-8 text-blue-500"
                        fill="none"
                        height="24"
                        stroke="currentColor"
                        stroke-linecap="round"
                        stroke-linejoin="round"
                        stroke-width="2"
                        viewBox="0 0 24 24"
                        width="24"
                        xmlns="http://www.w3.org/2000/svg"
                      >
                        <path
                          d="M12 3v18"
                        />
                        <path
                          d="M3 12h18"
                        />
                        <rect
                          height="18"
                          rx="2"
                          width="18"
                          x="3"
                          y="3"
                        />
                      </svg>
                    </div>
                    <h3
                      class="mb-2 text-2xl font-bold tracking-tight text-[var(--theme-main)] group-hover:text-transparent group-hover:bg-clip-text group-hover:bg-gradient-to-r group-hover:from-blue-400 group-hover:to-purple-600 transition-all duration-300"
                    >
                      Algebra Tiles
                    </h3>
                    <p
                      class="text-[var(--theme-muted)] leading-relaxed"
                    >
                      Visualize algebraic concepts including expressions, equations, and factorisation with virtual algebraic tiles.
                    </p>
                  </div>
                  <div
                    class="relative z-10 mt-8 flex items-center font-medium text-blue-600 group-hover:translate-x-1 transition-transform"
                  >
                    Launch Tool 
                    <svg
                      aria-hidden="true"
                      class="lucide lucide-arrow-right ml-2 w-4 h-4"
                      fill="none"
                      height="24"
                      stroke="currentColor"
                      stroke-linecap="round"
                      stroke-linejoin="round"
                      stroke-width="2"
                      viewBox="0 0 24 24"
                      width="24"
                      xmlns="http://www.w3.org/2000/svg"
                    >
                      <path
                        d="M5 12h14"
                      />
                      <path
                        d="m12 5 7 7-7 7"
                      />
                    </svg>
                  </div>
                </div>
              </div>
            </a>
            <a
              class="group relative block w-full h-full"
              href="/manipulatives/double-sided-counters"
            >
              <div
                class="relative h-full rounded-[2rem] bg-gradient-to-br from-purple-500 to-pink-500 p-[1px] shadow-lg transition-transform duration-300 hover:scale-[1.02] hover:shadow-xl"
              >
                <div
                  class="relative h-full rounded-[calc(2rem-1px)] bg-[var(--theme-card)] p-8 flex flex-col justify-between overflow-hidden"
                >
                  <div
                    class="absolute -right-20 -top-20 h-[300px] w-[300px] rounded-full bg-gradient-to-br from-purple-500 to-pink-500 opacity-10 blur-[60px] group-hover:opacity-20 transition-opacity duration-500"
                  />
                  <div
                    class="relative z-10"
                  >
                    <div
                      class="mb-4 inline-flex items-center justify-center rounded-xl bg-[var(--theme-page)] p-3 shadow-sm border border-[var(--theme-border)]"
                    >
                      <svg
                        aria-hidden="true"
                        class="lucide lucide-calculator w-8 h-8 text-purple-500"
                        fill="none"
                        height="24"
                        stroke="currentColor"
                        stroke-linecap="round"
                        stroke-linejoin="round"
                        stroke-width="2"
                        viewBox="0 0 24 24"
                        width="24"
                        xmlns="http://www.w3.org/2000/svg"
                      >
                        <rect
                          height="20"
                          rx="2"
                          width="16"
                          x="4"
                          y="2"
                        />
                        <line
                          x1="8"
                          x2="16"
                          y1="6"
                          y2="6"
                        />
                        <line
                          x1="16"
                          x2="16"
                          y1="14"
                          y2="18"
                        />
                        <path
                          d="M16 10h.01"
                        />
                        <path
                          d="M12 10h.01"
                        />
                        <path
                          d="M8 10h.01"
                        />
                        <path
                          d="M12 14h.01"
                        />
                        <path
                          d="M8 14h.01"
                        />
                        <path
                          d="M12 18h.01"
                        />
                        <path
                          d="M8 18h.01"
                        />
                      </svg>
                    </div>
                    <h3
                      class="mb-2 text-2xl font-bold tracking-tight text-[var(--theme-main)] group-hover:text-transparent group-hover:bg-clip-text group-hover:bg-gradient-to-r group-hover:from-blue-400 group-hover:to-purple-600 transition-all duration-300"
                    >
                      Double Sided Counters
                    </h3>
                    <p
                      class="text-[var(--theme-muted)] leading-relaxed"
                    >
                      Explore integer operations, probability, and ratios with interactive two-colored counters.
                    </p>
                  </div>
                  <div
                    class="relative z-10 mt-8 flex items-center font-medium text-blue-600 group-hover:translate-x-1 transition-transform"
                  >
                    Launch Tool 
                    <svg
                      aria-hidden="true"
                      class="lucide lucide-arrow-right ml-2 w-4 h-4"
                      fill="none"
                      height="24"
                      stroke="currentColor"
                      stroke-linecap="round"
                      stroke-linejoin="round"
                      stroke-width="2"
                      viewBox="0 0 24 24"
                      width="24"
                      xmlns="http://www.w3.org/2000/svg"
                    >
                      <path
                        d="M5 12h14"
                      />
                      <path
                        d="m12 5 7 7-7 7"
                      />
                    </svg>
                  </div>
                </div>
              </div>
            </a>
          </div>
        </div>
      </div>
    </section>
  </div>
</div>
`;
